--------------------------------------------------------------------------------
Release 5.1i - Trace F.23
Copyright (c) 1995-2002 Xilinx, Inc.  All rights reserved.

C:/Xilinx/bin/nt/trce.exe -quiet -e 3 -l 3 -xml cpu_16 cpu_16.ncd -o cpu_16.twr
cpu_16.pcf

Design file:              cpu_16.ncd
Physical constraint file: cpu_16.pcf
Device,speed:             xc2s150,-6 (PRELIMINARY 1.25 2002-06-19)
Report level:             error report

Environment Variable      Effect 
--------------------      ------ 
NONE                      No environment variables were set
--------------------------------------------------------------------------------

INFO:Timing:2698 - No timing constraints found, doing default enumeration.


Data Sheet report:
-----------------
All values displayed in nanoseconds (ns)

Clock clk to Pad
---------------+------------+
               | clk (edge) |
Destination Pad|   to PAD   |
---------------+------------+
crd            |   18.397(F)|
cwr            |   18.769(F)|
db<0>          |   17.667(F)|
db<10>         |   17.462(F)|
db<11>         |   17.556(F)|
db<12>         |   17.608(F)|
db<13>         |   20.303(F)|
db<14>         |   20.370(F)|
db<15>         |   20.272(F)|
db<1>          |   17.397(F)|
db<2>          |   17.397(F)|
db<3>          |   17.355(F)|
db<4>          |   17.272(F)|
db<5>          |   16.840(F)|
db<6>          |   16.635(F)|
db<7>          |   17.162(F)|
db<8>          |   17.251(F)|
db<9>          |   17.556(F)|
ior            |   21.350(F)|
iow            |   20.761(X)|
mclk           |    9.897(F)|
mrd            |   20.652(F)|
mwr            |   17.674(X)|
---------------+------------+

Clock to Setup on destination clock clk
---------------+---------+---------+---------+---------+
               | Src:Rise| Src:Fall| Src:Rise| Src:Fall|
Source Clock   |Dest:Rise|Dest:Rise|Dest:Fall|Dest:Fall|
---------------+---------+---------+---------+---------+
clk            |         |         |         |    5.658|
---------------+---------+---------+---------+---------+

Pad to Pad
---------------+---------------+---------+
Source Pad     |Destination Pad|  Delay  |
---------------+---------------+---------+
mux<0>         |ci<0>          |   12.960|
mux<0>         |ci<10>         |   13.354|
mux<0>         |ci<11>         |   13.839|
mux<0>         |ci<12>         |   13.672|
mux<0>         |ci<13>         |   12.330|
mux<0>         |ci<14>         |   12.950|
mux<0>         |ci<15>         |   12.538|
mux<0>         |ci<16>         |   12.882|
mux<0>         |ci<17>         |   12.364|
mux<0>         |ci<18>         |   13.177|
mux<0>         |ci<19>         |   12.157|
mux<0>         |ci<1>          |   11.733|
mux<0>         |ci<20>         |   12.202|
mux<0>         |ci<21>         |   11.708|
mux<0>         |ci<22>         |   11.877|
mux<0>         |ci<23>         |   12.085|
mux<0>         |ci<24>         |   13.867|
mux<0>         |ci<25>         |   13.907|
mux<0>         |ci<26>         |   13.703|
mux<0>         |ci<27>         |   14.321|
mux<0>         |ci<28>         |   13.616|
mux<0>         |ci<29>         |   13.566|
mux<0>         |ci<2>          |   13.218|
mux<0>         |ci<30>         |   13.523|
mux<0>         |ci<31>         |   14.085|
mux<0>         |ci<3>          |   12.993|
mux<0>         |ci<4>          |   12.566|
mux<0>         |ci<5>          |   12.288|
mux<0>         |ci<6>          |   12.647|
mux<0>         |ci<7>          |   12.145|
mux<0>         |ci<8>          |   13.811|
mux<0>         |ci<9>          |   13.168|
mux<1>         |ci<0>          |   14.210|
mux<1>         |ci<10>         |   15.848|
mux<1>         |ci<11>         |   15.362|
mux<1>         |ci<12>         |   15.401|
mux<1>         |ci<13>         |   13.075|
mux<1>         |ci<14>         |   14.537|
mux<1>         |ci<15>         |   14.528|
mux<1>         |ci<16>         |   13.411|
mux<1>         |ci<17>         |   12.996|
mux<1>         |ci<18>         |   13.886|
mux<1>         |ci<19>         |   12.937|
mux<1>         |ci<1>          |   13.386|
mux<1>         |ci<20>         |   12.368|
mux<1>         |ci<21>         |   12.067|
mux<1>         |ci<22>         |   12.040|
mux<1>         |ci<23>         |   12.170|
mux<1>         |ci<24>         |   15.271|
mux<1>         |ci<25>         |   15.251|
mux<1>         |ci<26>         |   15.278|
mux<1>         |ci<27>         |   15.471|
mux<1>         |ci<28>         |   15.529|
mux<1>         |ci<29>         |   15.473|
mux<1>         |ci<2>          |   14.445|
mux<1>         |ci<30>         |   14.189|
mux<1>         |ci<31>         |   14.789|
mux<1>         |ci<3>          |   13.869|
mux<1>         |ci<4>          |   13.800|
mux<1>         |ci<5>          |   13.046|
mux<1>         |ci<6>          |   13.890|
mux<1>         |ci<7>          |   13.880|
mux<1>         |ci<8>          |   15.604|
mux<1>         |ci<9>          |   15.642|
mux<2>         |ci<0>          |   13.437|
mux<2>         |ci<10>         |   15.093|
mux<2>         |ci<11>         |   14.686|
mux<2>         |ci<12>         |   14.320|
mux<2>         |ci<13>         |   13.429|
mux<2>         |ci<14>         |   13.339|
mux<2>         |ci<15>         |   14.020|
mux<2>         |ci<16>         |   13.369|
mux<2>         |ci<17>         |   12.951|
mux<2>         |ci<18>         |   14.242|
mux<2>         |ci<19>         |   13.363|
mux<2>         |ci<1>          |   13.482|
mux<2>         |ci<20>         |   12.886|
mux<2>         |ci<21>         |   12.760|
mux<2>         |ci<22>         |   12.164|
mux<2>         |ci<23>         |   16.520|
mux<2>         |ci<24>         |   17.287|
mux<2>         |ci<25>         |   17.321|
mux<2>         |ci<26>         |   16.871|
mux<2>         |ci<27>         |   17.056|
mux<2>         |ci<28>         |   16.040|
mux<2>         |ci<29>         |   16.023|
mux<2>         |ci<2>          |   16.282|
mux<2>         |ci<30>         |   15.636|
mux<2>         |ci<31>         |   16.772|
mux<2>         |ci<3>          |   16.332|
mux<2>         |ci<4>          |   16.443|
mux<2>         |ci<5>          |   16.733|
mux<2>         |ci<6>          |   17.179|
mux<2>         |ci<7>          |   17.192|
mux<2>         |ci<8>          |   17.556|
mux<2>         |ci<9>          |   17.315|
---------------+---------------+---------+

Analysis completed Tue Jun 16 12:55:07 2015
--------------------------------------------------------------------------------

